"columnName","diagnosis","suggestion"
"age","'age' has less than 68% missing values",".hasCompleteness(\"age\", _ >= 0.32, Some(\"It should be above 0.32!\"))"
"age","'age' has no negative values",".isNonNegative(\"age\")"
"name","'name' is not null",".isComplete(\"name\")"
"surname","'surname' is not null",".isComplete(\"surname\")"
"id","'id' is not null",".isComplete(\"id\")"
"id","'id' has no negative values",".isNonNegative(\"id\")"